Copyright 1986-2022 Xilinx, Inc. All Rights Reserved. Copyright 2022-2025 Advanced Micro Devices, Inc. All Rights Reserved.
---------------------------------------------------------------------------------------------------------------------------------------------
| Tool Version : Vivado v.2025.2 (lin64) Build 6299465 Fri Nov 14 12:34:56 MST 2025
| Date         : Tue Aug 18 17:33:29 2026
| Host         : amazone.esat.kuleuven.be running 64-bit Rocky Linux 9.8 (Blue Onyx)
| Command      : report_utilization -hierarchical -file .gen/ooc_bound_cut_200mhz/utilization_hier.rpt
| Design       : moe_scheduler_reg_wrapper
| Device       : xcvp1802-lsvc4072-2MP-e-S
| Speed File   : -2MP
| Design State : Synthesized
---------------------------------------------------------------------------------------------------------------------------------------------

Utilization Design Information

Table of Contents
-----------------
1. Utilization by Hierarchy

1. Utilization by Hierarchy
---------------------------

+-------------------------------+---------------------------------+------------+------------+---------+------+------+--------+--------+------+------------+
|            Instance           |              Module             | Total LUTs | Logic LUTs | LUTRAMs | SRLs |  FFs | RAMB36 | RAMB18 | URAM | DSP Blocks |
+-------------------------------+---------------------------------+------------+------------+---------+------+------+--------+--------+------+------------+
| moe_scheduler_reg_wrapper     |                           (top) |       8351 |       8351 |       0 |    0 | 1735 |      0 |      0 |    0 |          0 |
|   (moe_scheduler_reg_wrapper) |                           (top) |         62 |         62 |       0 |    0 |  357 |      0 |      0 |    0 |          0 |
|   i_scheduler_core            |              moe_scheduler_core |       8289 |       8289 |       0 |    0 | 1378 |      0 |      0 |    0 |          0 |
|     (i_scheduler_core)        |              moe_scheduler_core |        765 |        765 |       0 |    0 |  783 |      0 |      0 |    0 |          0 |
|     i_round_engine            |    sched_distilled_round_engine |       7524 |       7524 |       0 |    0 |  595 |      0 |      0 |    0 |          0 |
|       (i_round_engine)        |    sched_distilled_round_engine |       3615 |       3615 |       0 |    0 |  295 |      0 |      0 |    0 |          0 |
|       i_bandwidth_check       |           sched_bandwidth_check |        161 |        161 |       0 |    0 |    8 |      0 |      0 |    0 |          0 |
|       i_bound_score           |     sched_distilled_bound_score |       1529 |       1529 |       0 |    0 |  131 |      0 |      0 |    0 |          0 |
|       i_pair_compare          |    sched_distilled_pair_compare |        447 |        447 |       0 |    0 |   10 |      0 |      0 |    0 |          0 |
|       i_start_iter            |      sched_distilled_start_iter |        503 |        503 |       0 |    0 |   35 |      0 |      0 |    0 |          0 |
|       i_target_s4pf           |     sched_distilled_target_s4pf |        142 |        142 |       0 |    0 |    8 |      0 |      0 |    0 |          0 |
|       i_transition_eval       | sched_distilled_transition_eval |       1127 |       1127 |       0 |    0 |  108 |      0 |      0 |    0 |          0 |
+-------------------------------+---------------------------------+------------+------------+---------+------+------+--------+--------+------+------------+


