Copyright 1986-2022 Xilinx, Inc. All Rights Reserved. Copyright 2022-2025 Advanced Micro Devices, Inc. All Rights Reserved.
---------------------------------------------------------------------------------------------------------------------------------------------
| Tool Version : Vivado v.2025.2 (lin64) Build 6299465 Fri Nov 14 12:34:56 MST 2025
| Date         : Tue Aug 18 19:20:31 2026
| Host         : amazone.esat.kuleuven.be running 64-bit Rocky Linux 9.8 (Blue Onyx)
| Command      : report_utilization -hierarchical -file .gen/ooc_iterD_200mhz/utilization_hier.rpt
| Design       : moe_scheduler_reg_wrapper
| Device       : xcvp1802-lsvc4072-2MP-e-S
| Speed File   : -2MP
| Design State : Synthesized
---------------------------------------------------------------------------------------------------------------------------------------------

Utilization Design Information

Table of Contents
-----------------
1. Utilization by Hierarchy

1. Utilization by Hierarchy
---------------------------

+-------------------------------+---------------------------------+------------+------------+---------+------+------+--------+--------+------+------------+
|            Instance           |              Module             | Total LUTs | Logic LUTs | LUTRAMs | SRLs |  FFs | RAMB36 | RAMB18 | URAM | DSP Blocks |
+-------------------------------+---------------------------------+------------+------------+---------+------+------+--------+--------+------+------------+
| moe_scheduler_reg_wrapper     |                           (top) |       7337 |       7337 |       0 |    0 | 2014 |      0 |      0 |    0 |          0 |
|   (moe_scheduler_reg_wrapper) |                           (top) |         58 |         58 |       0 |    0 |  368 |      0 |      0 |    0 |          0 |
|   i_scheduler_core            |              moe_scheduler_core |       7279 |       7279 |       0 |    0 | 1646 |      0 |      0 |    0 |          0 |
|     (i_scheduler_core)        |              moe_scheduler_core |       2930 |       2930 |       0 |    0 |  797 |      0 |      0 |    0 |          0 |
|     i_round_engine            |    sched_distilled_round_engine |       4349 |       4349 |       0 |    0 |  849 |      0 |      0 |    0 |          0 |
|       (i_round_engine)        |    sched_distilled_round_engine |        366 |        366 |       0 |    0 |  295 |      0 |      0 |    0 |          0 |
|       i_bandwidth_check       |           sched_bandwidth_check |         83 |         83 |       0 |    0 |    8 |      0 |      0 |    0 |          0 |
|       i_bound_score           |     sched_distilled_bound_score |       1563 |       1563 |       0 |    0 |  189 |      0 |      0 |    0 |          0 |
|       i_pair_compare          |    sched_distilled_pair_compare |        412 |        412 |       0 |    0 |   45 |      0 |      0 |    0 |          0 |
|       i_start_iter            |      sched_distilled_start_iter |        491 |        491 |       0 |    0 |  122 |      0 |      0 |    0 |          0 |
|       i_target_s4pf           |     sched_distilled_target_s4pf |        139 |        139 |       0 |    0 |    8 |      0 |      0 |    0 |          0 |
|       i_transition_eval       | sched_distilled_transition_eval |       1295 |       1295 |       0 |    0 |  182 |      0 |      0 |    0 |          0 |
+-------------------------------+---------------------------------+------------+------------+---------+------+------+--------+--------+------+------------+


