Copyright 1986-2022 Xilinx, Inc. All Rights Reserved. Copyright 2022-2025 Advanced Micro Devices, Inc. All Rights Reserved.
---------------------------------------------------------------------------------------------------------------------------------------------
| Tool Version : Vivado v.2025.2 (lin64) Build 6299465 Fri Nov 14 12:34:56 MST 2025
| Date         : Tue Aug 18 18:57:43 2026
| Host         : amazone.esat.kuleuven.be running 64-bit Rocky Linux 9.8 (Blue Onyx)
| Command      : report_high_fanout_nets -fanout_greater_than 32 -timing -file .gen/ooc_iterB_40mhz/high_fanout.rpt
| Design       : moe_scheduler_reg_wrapper
| Device       : xcvp1802
| Design State : Synthesized
---------------------------------------------------------------------------------------------------------------------------------------------

High Fan-out Nets Information

1. Summary
----------

+-------------------------------------------------------------------------+--------+-------------+-----------------+-----------------+
| Net Name                                                                | Fanout | Driver Type | Worst Slack(ns) | Worst Delay(ns) |
+-------------------------------------------------------------------------+--------+-------------+-----------------+-----------------+
| i_scheduler_core/i_round_engine/i_bound_score/rst_ni_0                  |   1392 | LUT1        |             inf |           0.227 |
| i_scheduler_core/i_round_engine/i_bound_score/active_count_q_reg[5]     |    730 | LUT6        |          22.163 |           0.145 |
| i_scheduler_core/remove_ready                                           |    285 | LUT4        |          22.873 |           0.145 |
| i_scheduler_core/counters_q[0]                                          |    233 | LUT3        |          22.176 |           0.203 |
| i_scheduler_core/i_round_engine/i_bound_score/compute_q_reg[12]_i_6_n_3 |    225 | LOOKAHEAD8  |          20.654 |           0.277 |
| i_scheduler_core/i_round_engine/i_bound_score/reg_req_i[write]_0        |    195 | LUT2        |             inf |           0.210 |
| i_scheduler_core/cold_count_q[1]_i_8_n_0                                |    188 | LUT6        |          20.899 |           0.145 |
| refill_active_q                                                         |    187 | FDCE        |          22.863 |           0.182 |
| i_scheduler_core/i_round_engine/bw_owner_target                         |    171 | FDCE        |          17.113 |           0.165 |
| i_scheduler_core/i_round_engine/i_pair_compare/base_rhs_q_reg_1         |    170 | FDCE        |          21.740 |           0.182 |
+-------------------------------------------------------------------------+--------+-------------+-----------------+-----------------+


