#-----------------------------------------------------------
# Vivado v2025.2 (64-bit)
# SW Build 6299465 on Fri Nov 14 12:34:56 MST 2025
# IP Build 6300035 on Fri Nov 14 10:48:45 MST 2025
# SharedData Build 6298862 on Thu Nov 13 04:50:51 MST 2025
# Start of session at: Tue Aug 18 16:36:48 2026
# Process ID         : 3998574
# Current directory  : /esat/studscratch/r1015673/Thesis/Scheduler_hw
# Command line       : vivado -mode batch -nojournal -log .gen/ooc_200mhz_timing_driven/vivado.log -source synth_distilled_ooc.tcl -tclargs .gen/ooc_200mhz_timing_driven 5.000
# Log file           : /esat/studscratch/r1015673/Thesis/Scheduler_hw/.gen/ooc_200mhz_timing_driven/vivado.log
# Journal file       : 
# Running On         : amazone.esat.kuleuven.be
# Platform           : RockyLinux
# Operating System   : Rocky Linux 9.8 (Blue Onyx)
# Processor Detail   : Intel(R) Xeon(R) CPU E5-2690 v3 @ 2.60GHz
# CPU Frequency      : 3000.213 MHz
# CPU Physical cores : 24
# CPU Logical cores  : 48
# Host memory        : 388195 MB
# Swap memory        : 68719 MB
# Total Virtual      : 456914 MB
# Available Virtual  : 431239 MB
#-----------------------------------------------------------
source synth_distilled_ooc.tcl
# set output_dir [expr {$argc > 0 ? [lindex $argv 0] : "/tmp/scheduler_distilled_ooc"}]
# set clock_period [expr {$argc > 1 ? [lindex $argv 1] : 25.000}]
# file mkdir $output_dir
# set scheduler_dir [file dirname [file normalize [info script]]]
# set sources [list \
#   $scheduler_dir/sched_pkg.sv \
#   $scheduler_dir/sched_distilled_pkg.sv \
#   $scheduler_dir/sched_distilled_profile_decode.sv \
#   $scheduler_dir/sched_distilled_timeline.sv \
#   $scheduler_dir/sched_bandwidth_check.sv \
#   $scheduler_dir/sched_distilled_transition_eval.sv \
#   $scheduler_dir/sched_distilled_bound_score.sv \
#   $scheduler_dir/sched_distilled_pair_compare.sv \
#   $scheduler_dir/sched_distilled_regime_classify.sv \
#   $scheduler_dir/sched_distilled_start_iter.sv \
#   $scheduler_dir/sched_distilled_target_s4pf.sv \
#   $scheduler_dir/sched_distilled_round_engine.sv \
#   $scheduler_dir/sched_task_word_pack.sv \
#   $scheduler_dir/moe_scheduler_core.sv \
#   $scheduler_dir/moe_scheduler_reg_wrapper.sv]
# read_verilog -sv $sources
# set clock_xdc $output_dir/scheduler_clock.xdc
# set clock_xdc_fd [open $clock_xdc w]
# puts $clock_xdc_fd "create_clock -name scheduler_clk -period $clock_period \[get_ports clk_i\]"
# close $clock_xdc_fd
# read_xdc $clock_xdc
# synth_design -top moe_scheduler_reg_wrapper \
#   -part xcvp1802-lsvc4072-2MP-e-S -mode out_of_context \
#   -flatten_hierarchy rebuilt
Command: synth_design -top moe_scheduler_reg_wrapper -part xcvp1802-lsvc4072-2MP-e-S -mode out_of_context -flatten_hierarchy rebuilt
Starting synth_design
Attempting to get a license for feature 'Synthesis' and/or device 'xcvp1802'
INFO: [Common 17-349] Got license for feature 'Synthesis' and/or device 'xcvp1802'
INFO: [Device 21-403] Loading part xcvp1802-lsvc4072-2MP-e-S
INFO: [Common 17-41] Interrupt caught. Command should exit soon.
INFO: [Common 17-83] Releasing license: Synthesis
4 Infos, 0 Warnings, 0 Critical Warnings and 1 Errors encountered.
synth_design failed
synth_design: Time (s): cpu = 00:00:27 ; elapsed = 00:00:30 . Memory (MB): peak = 3812.121 ; gain = 1917.547 ; free physical = 322693 ; free virtual = 408944
INFO: [Common 17-2834] synth_design peak Physical Memory [PSS] 
INFO: [Common 17-2834] synth_design peak Virtual Memory [VSS] 
INFO: [Common 17-344] 'source' was cancelled
INFO: [Common 17-206] Exiting Vivado at Tue Aug 18 16:37:26 2026...
