Copyright 1986-2022 Xilinx, Inc. All Rights Reserved. Copyright 2022-2025 Advanced Micro Devices, Inc. All Rights Reserved.
---------------------------------------------------------------------------------------------------------------------------------------------
| Tool Version : Vivado v.2025.2 (lin64) Build 6299465 Fri Nov 14 12:34:56 MST 2025
| Date         : Tue Aug 18 18:01:44 2026
| Host         : amazone.esat.kuleuven.be running 64-bit Rocky Linux 9.8 (Blue Onyx)
| Command      : report_utilization -hierarchical -file .gen/ooc_stream_head_40mhz/utilization_hier.rpt
| Design       : moe_scheduler_reg_wrapper
| Device       : xcvp1802-lsvc4072-2MP-e-S
| Speed File   : -2MP
| Design State : Synthesized
---------------------------------------------------------------------------------------------------------------------------------------------

Utilization Design Information

Table of Contents
-----------------
1. Utilization by Hierarchy

1. Utilization by Hierarchy
---------------------------

+-------------------------------+---------------------------------+------------+------------+---------+------+------+--------+--------+------+------------+
|            Instance           |              Module             | Total LUTs | Logic LUTs | LUTRAMs | SRLs |  FFs | RAMB36 | RAMB18 | URAM | DSP Blocks |
+-------------------------------+---------------------------------+------------+------------+---------+------+------+--------+--------+------+------------+
| moe_scheduler_reg_wrapper     |                           (top) |       7123 |       7123 |       0 |    0 | 1741 |      0 |      0 |    0 |          0 |
|   (moe_scheduler_reg_wrapper) |                           (top) |         24 |         24 |       0 |    0 |  313 |      0 |      0 |    0 |          0 |
|   i_scheduler_core            |              moe_scheduler_core |       7099 |       7099 |       0 |    0 | 1428 |      0 |      0 |    0 |          0 |
|     (i_scheduler_core)        |              moe_scheduler_core |       2919 |       2919 |       0 |    0 |  797 |      0 |      0 |    0 |          0 |
|     i_round_engine            |    sched_distilled_round_engine |       4180 |       4180 |       0 |    0 |  631 |      0 |      0 |    0 |          0 |
|       (i_round_engine)        |    sched_distilled_round_engine |        360 |        360 |       0 |    0 |  290 |      0 |      0 |    0 |          0 |
|       i_bandwidth_check       |           sched_bandwidth_check |         91 |         91 |       0 |    0 |    8 |      0 |      0 |    0 |          0 |
|       i_bound_score           |     sched_distilled_bound_score |       1540 |       1540 |       0 |    0 |  144 |      0 |      0 |    0 |          0 |
|       i_pair_compare          |    sched_distilled_pair_compare |        432 |        432 |       0 |    0 |   10 |      0 |      0 |    0 |          0 |
|       i_start_iter            |      sched_distilled_start_iter |        461 |        461 |       0 |    0 |   35 |      0 |      0 |    0 |          0 |
|       i_target_s4pf           |     sched_distilled_target_s4pf |        141 |        141 |       0 |    0 |    8 |      0 |      0 |    0 |          0 |
|       i_transition_eval       | sched_distilled_transition_eval |       1155 |       1155 |       0 |    0 |  136 |      0 |      0 |    0 |          0 |
+-------------------------------+---------------------------------+------------+------------+---------+------+------+--------+--------+------+------------+


