#-----------------------------------------------------------
# Vivado v2025.2 (64-bit)
# SW Build 6299465 on Fri Nov 14 12:34:56 MST 2025
# IP Build 6300035 on Fri Nov 14 10:48:45 MST 2025
# SharedData Build 6298862 on Thu Nov 13 04:50:51 MST 2025
# Start of session at: Tue Aug 18 16:30:40 2026
# Process ID         : 3995207
# Current directory  : /esat/studscratch/r1015673/Thesis/Scheduler_hw
# Command line       : vivado -mode batch -nojournal -log .gen/ooc_200mhz_current/vivado.log -source synth_distilled_ooc.tcl -tclargs .gen/ooc_200mhz_current 5.000
# Log file           : /esat/studscratch/r1015673/Thesis/Scheduler_hw/.gen/ooc_200mhz_current/vivado.log
# Journal file       : 
# Running On         : amazone.esat.kuleuven.be
# Platform           : RockyLinux
# Operating System   : Rocky Linux 9.8 (Blue Onyx)
# Processor Detail   : Intel(R) Xeon(R) CPU E5-2690 v3 @ 2.60GHz
# CPU Frequency      : 3100.224 MHz
# CPU Physical cores : 24
# CPU Logical cores  : 48
# Host memory        : 388195 MB
# Swap memory        : 68719 MB
# Total Virtual      : 456914 MB
# Available Virtual  : 431893 MB
#-----------------------------------------------------------
source synth_distilled_ooc.tcl
# set output_dir [expr {$argc > 0 ? [lindex $argv 0] : "/tmp/scheduler_distilled_ooc"}]
# set clock_period [expr {$argc > 1 ? [lindex $argv 1] : 25.000}]
# file mkdir $output_dir
# set scheduler_dir [file dirname [file normalize [info script]]]
# set sources [list \
#   $scheduler_dir/sched_pkg.sv \
#   $scheduler_dir/sched_distilled_pkg.sv \
#   $scheduler_dir/sched_distilled_profile_decode.sv \
#   $scheduler_dir/sched_distilled_timeline.sv \
#   $scheduler_dir/sched_bandwidth_check.sv \
#   $scheduler_dir/sched_distilled_transition_eval.sv \
#   $scheduler_dir/sched_distilled_bound_score.sv \
#   $scheduler_dir/sched_distilled_pair_compare.sv \
#   $scheduler_dir/sched_distilled_regime_classify.sv \
#   $scheduler_dir/sched_distilled_start_iter.sv \
#   $scheduler_dir/sched_distilled_target_s4pf.sv \
#   $scheduler_dir/sched_distilled_round_engine.sv \
#   $scheduler_dir/sched_task_word_pack.sv \
#   $scheduler_dir/moe_scheduler_core.sv \
#   $scheduler_dir/moe_scheduler_reg_wrapper.sv]
# read_verilog -sv $sources
# synth_design -top moe_scheduler_reg_wrapper \
#   -part xcvp1802-lsvc4072-2MP-e-S -mode out_of_context \
#   -flatten_hierarchy rebuilt
Command: synth_design -top moe_scheduler_reg_wrapper -part xcvp1802-lsvc4072-2MP-e-S -mode out_of_context -flatten_hierarchy rebuilt
Starting synth_design
Attempting to get a license for feature 'Synthesis' and/or device 'xcvp1802'
INFO: [Common 17-349] Got license for feature 'Synthesis' and/or device 'xcvp1802'
validate_noc  -part xcvp1802-lsvc4072-2MP-e-S -no_compile 
INFO: [Vivado 12-29114] Run validate_noc command, to invoke NoC compiler, catch the DRC at design entry & populate the project level NoC view
---------------------------------------------------------------------------------
Starting RTL Elaboration : Time (s): cpu = 00:00:06 ; elapsed = 00:00:06 . Memory (MB): peak = 2386.074 ; gain = 476.625 ; free physical = 324318 ; free virtual = 410562
---------------------------------------------------------------------------------
---------------------------------------------------------------------------------
Finished RTL Elaboration : Time (s): cpu = 00:00:13 ; elapsed = 00:00:14 . Memory (MB): peak = 2648.613 ; gain = 739.164 ; free physical = 323982 ; free virtual = 410229
---------------------------------------------------------------------------------
Finished Handling Custom Attributes : Time (s): cpu = 00:00:13 ; elapsed = 00:00:15 . Memory (MB): peak = 2648.613 ; gain = 739.164 ; free physical = 323973 ; free virtual = 410220
Finished RTL Optimization Phase 1 : Time (s): cpu = 00:00:13 ; elapsed = 00:00:15 . Memory (MB): peak = 2648.613 ; gain = 739.164 ; free physical = 323973 ; free virtual = 410220
Netlist sorting complete. Time (s): cpu = 00:00:00.1 ; elapsed = 00:00:00.1 . Memory (MB): peak = 2648.621 ; gain = 0.000 ; free physical = 324126 ; free virtual = 410376
synth_design: Time (s): cpu = 00:00:20 ; elapsed = 00:00:19 . Memory (MB): peak = 2648.621 ; gain = 751.805 ; free physical = 324183 ; free virtual = 410434
validate_noc: Time (s): cpu = 00:00:21 ; elapsed = 00:00:19 . Memory (MB): peak = 2648.621 ; gain = 751.805 ; free physical = 324182 ; free virtual = 410433
INFO: [Synth 8-7079] Multithreading enabled for synth_design using a maximum of 7 processes.
---------------------------------------------------------------------------------
Starting Synthesize : Time (s): cpu = 00:00:06 ; elapsed = 00:00:06 . Memory (MB): peak = 2648.648 ; gain = 0.027 ; free physical = 323937 ; free virtual = 410189
---------------------------------------------------------------------------------
INFO: [Synth 8-6157] synthesizing module 'moe_scheduler_reg_wrapper' [/esat/studscratch/r1015673/Thesis/Scheduler_hw/moe_scheduler_reg_wrapper.sv:18]
INFO: [Synth 8-294] found qualifier unique on case statement: implementing as parallel_case [/esat/studscratch/r1015673/Thesis/Scheduler_hw/moe_scheduler_reg_wrapper.sv:85]
INFO: [Synth 8-294] found qualifier unique on case statement: implementing as parallel_case [/esat/studscratch/r1015673/Thesis/Scheduler_hw/moe_scheduler_reg_wrapper.sv:424]
INFO: [Synth 8-6157] synthesizing module 'moe_scheduler_core' [/esat/studscratch/r1015673/Thesis/Scheduler_hw/moe_scheduler_core.sv:7]
INFO: [Synth 8-6157] synthesizing module 'sched_distilled_round_engine' [/esat/studscratch/r1015673/Thesis/Scheduler_hw/sched_distilled_round_engine.sv:7]
INFO: [Synth 8-294] found qualifier unique on case statement: implementing as parallel_case [/esat/studscratch/r1015673/Thesis/Scheduler_hw/sched_distilled_pkg.sv:327]
INFO: [Synth 8-6157] synthesizing module 'sched_distilled_profile_decode' [/esat/studscratch/r1015673/Thesis/Scheduler_hw/sched_distilled_profile_decode.sv:7]
INFO: [Synth 8-294] found qualifier unique on case statement: implementing as parallel_case [/esat/studscratch/r1015673/Thesis/Scheduler_hw/sched_distilled_profile_decode.sv:15]
INFO: [Synth 8-6155] done synthesizing module 'sched_distilled_profile_decode' (0#1) [/esat/studscratch/r1015673/Thesis/Scheduler_hw/sched_distilled_profile_decode.sv:7]
INFO: [Synth 8-294] found qualifier unique on case statement: implementing as parallel_case [/esat/studscratch/r1015673/Thesis/Scheduler_hw/sched_distilled_round_engine.sv:157]
INFO: [Synth 8-294] found qualifier unique on case statement: implementing as parallel_case [/esat/studscratch/r1015673/Thesis/Scheduler_hw/sched_distilled_round_engine.sv:216]
INFO: [Synth 8-6157] synthesizing module 'sched_distilled_start_iter' [/esat/studscratch/r1015673/Thesis/Scheduler_hw/sched_distilled_start_iter.sv:7]
INFO: [Synth 8-294] found qualifier unique on case statement: implementing as parallel_case [/esat/studscratch/r1015673/Thesis/Scheduler_hw/sched_distilled_start_iter.sv:73]
INFO: [Synth 8-294] found qualifier unique on case statement: implementing as parallel_case [/esat/studscratch/r1015673/Thesis/Scheduler_hw/sched_pkg.sv:113]
INFO: [Synth 8-226] default block is never used [/esat/studscratch/r1015673/Thesis/Scheduler_hw/sched_pkg.sv:113]
INFO: [Synth 8-294] found qualifier unique on case statement: implementing as parallel_case [/esat/studscratch/r1015673/Thesis/Scheduler_hw/sched_distilled_start_iter.sv:97]
INFO: [Synth 8-294] found qualifier unique on case statement: implementing as parallel_case [/esat/studscratch/r1015673/Thesis/Scheduler_hw/sched_distilled_start_iter.sv:165]
INFO: [Synth 8-294] found qualifier unique on case statement: implementing as parallel_case [/esat/studscratch/r1015673/Thesis/Scheduler_hw/sched_pkg.sv:122]
INFO: [Synth 8-226] default block is never used [/esat/studscratch/r1015673/Thesis/Scheduler_hw/sched_pkg.sv:122]
INFO: [Synth 8-294] found qualifier unique on case statement: implementing as parallel_case [/esat/studscratch/r1015673/Thesis/Scheduler_hw/sched_distilled_start_iter.sv:184]
INFO: [Synth 8-294] found qualifier unique on case statement: implementing as parallel_case [/esat/studscratch/r1015673/Thesis/Scheduler_hw/sched_distilled_start_iter.sv:246]
INFO: [Synth 8-6155] done synthesizing module 'sched_distilled_start_iter' (0#1) [/esat/studscratch/r1015673/Thesis/Scheduler_hw/sched_distilled_start_iter.sv:7]
INFO: [Synth 8-6157] synthesizing module 'sched_distilled_transition_eval' [/esat/studscratch/r1015673/Thesis/Scheduler_hw/sched_distilled_transition_eval.sv:7]
INFO: [Synth 8-294] found qualifier unique on case statement: implementing as parallel_case [/esat/studscratch/r1015673/Thesis/Scheduler_hw/sched_distilled_transition_eval.sv:149]
INFO: [Synth 8-6157] synthesizing module 'sched_distilled_timeline' [/esat/studscratch/r1015673/Thesis/Scheduler_hw/sched_distilled_timeline.sv:9]
INFO: [Synth 8-294] found qualifier unique on case statement: implementing as parallel_case [/esat/studscratch/r1015673/Thesis/Scheduler_hw/sched_distilled_timeline.sv:35]
INFO: [Synth 8-294] found qualifier unique on case statement: implementing as parallel_case [/esat/studscratch/r1015673/Thesis/Scheduler_hw/sched_distilled_timeline.sv:49]
INFO: [Synth 8-294] found qualifier unique on case statement: implementing as parallel_case [/esat/studscratch/r1015673/Thesis/Scheduler_hw/sched_pkg.sv:113]
INFO: [Synth 8-226] default block is never used [/esat/studscratch/r1015673/Thesis/Scheduler_hw/sched_pkg.sv:113]
INFO: [Synth 8-294] found qualifier unique on case statement: implementing as parallel_case [/esat/studscratch/r1015673/Thesis/Scheduler_hw/sched_pkg.sv:122]
INFO: [Synth 8-226] default block is never used [/esat/studscratch/r1015673/Thesis/Scheduler_hw/sched_pkg.sv:122]
INFO: [Synth 8-6155] done synthesizing module 'sched_distilled_timeline' (0#1) [/esat/studscratch/r1015673/Thesis/Scheduler_hw/sched_distilled_timeline.sv:9]
INFO: [Synth 8-294] found qualifier unique on case statement: implementing as parallel_case [/esat/studscratch/r1015673/Thesis/Scheduler_hw/sched_pkg.sv:122]
INFO: [Synth 8-226] default block is never used [/esat/studscratch/r1015673/Thesis/Scheduler_hw/sched_pkg.sv:122]
INFO: [Synth 8-294] found qualifier unique on case statement: implementing as parallel_case [/esat/studscratch/r1015673/Thesis/Scheduler_hw/sched_distilled_transition_eval.sv:279]
INFO: [Synth 8-6155] done synthesizing module 'sched_distilled_transition_eval' (0#1) [/esat/studscratch/r1015673/Thesis/Scheduler_hw/sched_distilled_transition_eval.sv:7]
INFO: [Synth 8-6157] synthesizing module 'sched_distilled_target_s4pf' [/esat/studscratch/r1015673/Thesis/Scheduler_hw/sched_distilled_target_s4pf.sv:7]
INFO: [Synth 8-294] found qualifier unique on case statement: implementing as parallel_case [/esat/studscratch/r1015673/Thesis/Scheduler_hw/sched_distilled_target_s4pf.sv:110]
INFO: [Synth 8-294] found qualifier unique on case statement: implementing as parallel_case [/esat/studscratch/r1015673/Thesis/Scheduler_hw/sched_pkg.sv:122]
INFO: [Synth 8-226] default block is never used [/esat/studscratch/r1015673/Thesis/Scheduler_hw/sched_pkg.sv:122]
INFO: [Synth 8-294] found qualifier unique on case statement: implementing as parallel_case [/esat/studscratch/r1015673/Thesis/Scheduler_hw/sched_distilled_target_s4pf.sv:131]
INFO: [Synth 8-6155] done synthesizing module 'sched_distilled_target_s4pf' (0#1) [/esat/studscratch/r1015673/Thesis/Scheduler_hw/sched_distilled_target_s4pf.sv:7]
INFO: [Synth 8-6157] synthesizing module 'sched_bandwidth_check' [/esat/studscratch/r1015673/Thesis/Scheduler_hw/sched_bandwidth_check.sv:13]
INFO: [Synth 8-294] found qualifier unique on case statement: implementing as parallel_case [/esat/studscratch/r1015673/Thesis/Scheduler_hw/sched_pkg.sv:104]
INFO: [Synth 8-226] default block is never used [/esat/studscratch/r1015673/Thesis/Scheduler_hw/sched_pkg.sv:104]
INFO: [Synth 8-294] found qualifier unique on case statement: implementing as parallel_case [/esat/studscratch/r1015673/Thesis/Scheduler_hw/sched_bandwidth_check.sv:145]
INFO: [Synth 8-294] found qualifier unique on case statement: implementing as parallel_case [/esat/studscratch/r1015673/Thesis/Scheduler_hw/sched_bandwidth_check.sv:114]
INFO: [Synth 8-6155] done synthesizing module 'sched_bandwidth_check' (0#1) [/esat/studscratch/r1015673/Thesis/Scheduler_hw/sched_bandwidth_check.sv:13]
INFO: [Synth 8-6157] synthesizing module 'sched_distilled_bound_score' [/esat/studscratch/r1015673/Thesis/Scheduler_hw/sched_distilled_bound_score.sv:7]
INFO: [Synth 8-294] found qualifier unique on case statement: implementing as parallel_case [/esat/studscratch/r1015673/Thesis/Scheduler_hw/sched_pkg.sv:122]
INFO: [Synth 8-226] default block is never used [/esat/studscratch/r1015673/Thesis/Scheduler_hw/sched_pkg.sv:122]
INFO: [Synth 8-294] found qualifier unique on case statement: implementing as parallel_case [/esat/studscratch/r1015673/Thesis/Scheduler_hw/sched_distilled_bound_score.sv:285]
INFO: [Synth 8-6155] done synthesizing module 'sched_distilled_bound_score' (0#1) [/esat/studscratch/r1015673/Thesis/Scheduler_hw/sched_distilled_bound_score.sv:7]
INFO: [Synth 8-294] found qualifier unique on case statement: implementing as parallel_case [/esat/studscratch/r1015673/Thesis/Scheduler_hw/sched_distilled_round_engine.sv:172]
INFO: [Synth 8-6157] synthesizing module 'sched_distilled_regime_classify' [/esat/studscratch/r1015673/Thesis/Scheduler_hw/sched_distilled_regime_classify.sv:7]
INFO: [Synth 8-6155] done synthesizing module 'sched_distilled_regime_classify' (0#1) [/esat/studscratch/r1015673/Thesis/Scheduler_hw/sched_distilled_regime_classify.sv:7]
INFO: [Synth 8-6157] synthesizing module 'sched_distilled_pair_compare' [/esat/studscratch/r1015673/Thesis/Scheduler_hw/sched_distilled_pair_compare.sv:7]
INFO: [Synth 8-294] found qualifier unique on case statement: implementing as parallel_case [/esat/studscratch/r1015673/Thesis/Scheduler_hw/sched_distilled_pair_compare.sv:178]
INFO: [Synth 8-294] found qualifier unique on case statement: implementing as parallel_case [/esat/studscratch/r1015673/Thesis/Scheduler_hw/sched_distilled_pair_compare.sv:86]
INFO: [Synth 8-294] found qualifier unique on case statement: implementing as parallel_case [/esat/studscratch/r1015673/Thesis/Scheduler_hw/sched_distilled_pair_compare.sv:88]
INFO: [Synth 8-294] found qualifier unique on case statement: implementing as parallel_case [/esat/studscratch/r1015673/Thesis/Scheduler_hw/sched_distilled_pair_compare.sv:132]
INFO: [Synth 8-294] found qualifier unique on case statement: implementing as parallel_case [/esat/studscratch/r1015673/Thesis/Scheduler_hw/sched_distilled_pair_compare.sv:151]
INFO: [Synth 8-294] found qualifier unique on case statement: implementing as parallel_case [/esat/studscratch/r1015673/Thesis/Scheduler_hw/sched_distilled_pair_compare.sv:192]
INFO: [Synth 8-294] found qualifier unique on case statement: implementing as parallel_case [/esat/studscratch/r1015673/Thesis/Scheduler_hw/sched_distilled_pair_compare.sv:208]
INFO: [Synth 8-294] found qualifier unique on case statement: implementing as parallel_case [/esat/studscratch/r1015673/Thesis/Scheduler_hw/sched_distilled_pair_compare.sv:210]
INFO: [Synth 8-294] found qualifier unique on case statement: implementing as parallel_case [/esat/studscratch/r1015673/Thesis/Scheduler_hw/sched_distilled_pair_compare.sv:264]
INFO: [Synth 8-294] found qualifier unique on case statement: implementing as parallel_case [/esat/studscratch/r1015673/Thesis/Scheduler_hw/sched_distilled_pair_compare.sv:289]
INFO: [Synth 8-294] found qualifier unique on case statement: implementing as parallel_case [/esat/studscratch/r1015673/Thesis/Scheduler_hw/sched_distilled_pair_compare.sv:334]
INFO: [Synth 8-6155] done synthesizing module 'sched_distilled_pair_compare' (0#1) [/esat/studscratch/r1015673/Thesis/Scheduler_hw/sched_distilled_pair_compare.sv:7]
INFO: [Synth 8-294] found qualifier unique on case statement: implementing as parallel_case [/esat/studscratch/r1015673/Thesis/Scheduler_hw/sched_distilled_round_engine.sv:566]
INFO: [Synth 8-294] found qualifier unique on case statement: implementing as parallel_case [/esat/studscratch/r1015673/Thesis/Scheduler_hw/sched_distilled_pkg.sv:316]
INFO: [Synth 8-6155] done synthesizing module 'sched_distilled_round_engine' (0#1) [/esat/studscratch/r1015673/Thesis/Scheduler_hw/sched_distilled_round_engine.sv:7]
INFO: [Synth 8-294] found qualifier unique on case statement: implementing as parallel_case [/esat/studscratch/r1015673/Thesis/Scheduler_hw/moe_scheduler_core.sv:194]
INFO: [Synth 8-6157] synthesizing module 'sched_task_word_pack' [/esat/studscratch/r1015673/Thesis/Scheduler_hw/sched_task_word_pack.sv:12]
INFO: [Synth 8-294] found qualifier unique on case statement: implementing as parallel_case [/esat/studscratch/r1015673/Thesis/Scheduler_hw/sched_task_word_pack.sv:33]
INFO: [Synth 8-6155] done synthesizing module 'sched_task_word_pack' (0#1) [/esat/studscratch/r1015673/Thesis/Scheduler_hw/sched_task_word_pack.sv:12]
INFO: [Synth 8-294] found qualifier unique on case statement: implementing as parallel_case [/esat/studscratch/r1015673/Thesis/Scheduler_hw/moe_scheduler_core.sv:244]
INFO: [Synth 8-6155] done synthesizing module 'moe_scheduler_core' (0#1) [/esat/studscratch/r1015673/Thesis/Scheduler_hw/moe_scheduler_core.sv:7]
INFO: [Synth 8-6155] done synthesizing module 'moe_scheduler_reg_wrapper' (0#1) [/esat/studscratch/r1015673/Thesis/Scheduler_hw/moe_scheduler_reg_wrapper.sv:18]
WARNING: [Synth 8-3936] Found unconnected internal register 'crossing_quotient_reg' and it is trimmed from '15' to '8' bits. [/esat/studscratch/r1015673/Thesis/Scheduler_hw/sched_distilled_bound_score.sv:176]
WARNING: [Synth 8-3917] design moe_scheduler_reg_wrapper has port reg_rsp_o[error] driven by constant 0
---------------------------------------------------------------------------------
Finished Synthesize : Time (s): cpu = 00:00:13 ; elapsed = 00:00:14 . Memory (MB): peak = 2674.184 ; gain = 25.562 ; free physical = 323913 ; free virtual = 410161
---------------------------------------------------------------------------------
---------------------------------------------------------------------------------
Finished Constraint Validation : Time (s): cpu = 00:00:14 ; elapsed = 00:00:16 . Memory (MB): peak = 2696.996 ; gain = 48.375 ; free physical = 323921 ; free virtual = 410170
---------------------------------------------------------------------------------
---------------------------------------------------------------------------------
Start Loading Part and Timing Information
---------------------------------------------------------------------------------
Loading part: xcvp1802-lsvc4072-2MP-e-S
INFO: [Synth 8-6742] Reading net delay rules and data
INFO: [Device 21-403] Loading part xcvp1802-lsvc4072-2MP-e-S
---------------------------------------------------------------------------------
Finished Loading Part and Timing Information : Time (s): cpu = 00:00:14 ; elapsed = 00:00:16 . Memory (MB): peak = 2708.902 ; gain = 60.281 ; free physical = 323910 ; free virtual = 410158
---------------------------------------------------------------------------------
INFO: [Synth 8-802] inferred FSM for state register 'st_q_reg' in module 'sched_distilled_start_iter'
INFO: [Synth 8-802] inferred FSM for state register 'st_q_reg' in module 'sched_distilled_transition_eval'
INFO: [Synth 8-802] inferred FSM for state register 'st_q_reg' in module 'sched_distilled_target_s4pf'
INFO: [Synth 8-802] inferred FSM for state register 'st_q_reg' in module 'sched_distilled_bound_score'
INFO: [Synth 8-802] inferred FSM for state register 'st_q_reg' in module 'sched_distilled_pair_compare'
INFO: [Synth 8-802] inferred FSM for state register 'st_q_reg' in module 'sched_distilled_round_engine'
INFO: [Synth 8-802] inferred FSM for state register 'st_q_reg' in module 'moe_scheduler_core'
---------------------------------------------------------------------------------------------------
                   State |                     New Encoding |                Previous Encoding 
---------------------------------------------------------------------------------------------------
                 ST_IDLE |                              000 |                              000
               ST_DIRECT |                              001 |                              001
                 ST_SCAN |                              010 |                              010
                 ST_EMIT |                              011 |                              011
                 ST_DONE |                              100 |                              100
---------------------------------------------------------------------------------------------------
INFO: [Synth 8-3354] encoded FSM with state register 'st_q_reg' using encoding 'sequential' in module 'sched_distilled_start_iter'
---------------------------------------------------------------------------------------------------
                   State |                     New Encoding |                Previous Encoding 
---------------------------------------------------------------------------------------------------
                 ST_IDLE |                              000 |                              000
             ST_BUILD_C2 |                              001 |                              001
             ST_BUILD_C3 |                              010 |                              010
           ST_GAIN_CHECK |                              011 |                              011
             ST_BW_START |                              100 |                              100
              ST_BW_WAIT |                              101 |                              101
                 ST_DONE |                              110 |                              110
---------------------------------------------------------------------------------------------------
INFO: [Synth 8-3354] encoded FSM with state register 'st_q_reg' using encoding 'sequential' in module 'sched_distilled_transition_eval'
---------------------------------------------------------------------------------------------------
                   State |                     New Encoding |                Previous Encoding 
---------------------------------------------------------------------------------------------------
                 ST_IDLE |                             0000 |                             0000
       ST_C2_LOCAL_START |                             0001 |                             0001
        ST_C2_LOCAL_WAIT |                             0010 |                             0010
        ST_C2_BOTH_START |                             0011 |                             0011
         ST_C2_BOTH_WAIT |                             0100 |                             0100
       ST_C3_LOCAL_START |                             0101 |                             0101
        ST_C3_LOCAL_WAIT |                             0110 |                             0110
        ST_C3_BOTH_START |                             0111 |                             0111
         ST_C3_BOTH_WAIT |                             1000 |                             1000
                 ST_DONE |                             1001 |                             1001
---------------------------------------------------------------------------------------------------
INFO: [Synth 8-3354] encoded FSM with state register 'st_q_reg' using encoding 'sequential' in module 'sched_distilled_target_s4pf'
---------------------------------------------------------------------------------------------------
                   State |                     New Encoding |                Previous Encoding 
---------------------------------------------------------------------------------------------------
                 ST_IDLE |                             0000 |                             0000
               ST_H_HEAD |                             0001 |                             0001
               ST_H_HIST |                             0010 |                             0010
           ST_H_OVERFLOW |                             0011 |                             0011
               ST_D_INIT |                             0100 |                             0100
               ST_D_SCAN |                             0101 |                             0101
              ST_D_APPLY |                             0110 |                             0110
               ST_FINISH |                             0111 |                             0111
                 ST_DONE |                             1000 |                             1000
---------------------------------------------------------------------------------------------------
INFO: [Synth 8-3354] encoded FSM with state register 'st_q_reg' using encoding 'sequential' in module 'sched_distilled_bound_score'
---------------------------------------------------------------------------------------------------
                   State |                     New Encoding |                Previous Encoding 
---------------------------------------------------------------------------------------------------
                 ST_IDLE |                              000 |                              000
                 ST_BASE |                              001 |                              001
             ST_PROGRESS |                              010 |                              010
              ST_HOTSPOT |                              011 |                              011
             ST_OVERRIDE |                              100 |                              100
                 ST_DONE |                              101 |                              101
---------------------------------------------------------------------------------------------------
INFO: [Synth 8-3354] encoded FSM with state register 'st_q_reg' using encoding 'sequential' in module 'sched_distilled_pair_compare'
---------------------------------------------------------------------------------------------------
                   State |                     New Encoding |                Previous Encoding 
---------------------------------------------------------------------------------------------------
                 ST_IDLE |                00000010000000000 |                            00000
        ST_PROFILE_SETUP |                00000000000001000 |                            00001
            ST_EVAL_WAIT |                00000000001000000 |                            00011
              ST_S4_WAIT |                00000000010000000 |                            00100
    ST_TARGET_EVAL_START |                01000000000000000 |                            00110
     ST_TARGET_EVAL_WAIT |                00010000000000000 |                            00111
    ST_TARGET_START_WAIT |                00100000000000000 |                            00101
           ST_START_WAIT |                00000001000000000 |                            00010
          ST_NEXT_ACTION |                00000000100000000 |                            01000
     ST_SCORE_EVAL_START |                10000000000000000 |                            01001
      ST_SCORE_EVAL_WAIT |                00001000000000000 |                            01010
           ST_BOUND_WAIT |                00000100000000000 |                            01011
         ST_COMPARE_WAIT |                00000000000100000 |                            01100
           ST_SCORE_NEXT |                00000000000000100 |                            01101
 ST_COMMIT_REBUILD_START |                00000000000000001 |                            01110
  ST_COMMIT_REBUILD_WAIT |                00000000000000010 |                            01111
                 ST_DONE |                00000000000010000 |                            10000
---------------------------------------------------------------------------------------------------
INFO: [Synth 8-3354] encoded FSM with state register 'st_q_reg' using encoding 'one-hot' in module 'sched_distilled_round_engine'
---------------------------------------------------------------------------------------------------
                   State |                     New Encoding |                Previous Encoding 
---------------------------------------------------------------------------------------------------
                 ST_IDLE |                        000000001 |                             0000
          ST_ROUND_START |                        000000010 |                             0001
           ST_ROUND_WAIT |                        000000100 |                             0010
          ST_WAIT_REMOVE |                        000001000 |                             0011
        ST_EMIT_PREVIOUS |                        000010000 |                             0100
        ST_STORE_CURRENT |                        000100000 |                             0101
         ST_COMMIT_STATE |                        001000000 |                             0110
             ST_FLUSH_C2 |                        010000000 |                             0111
             ST_FLUSH_C3 |                        100000000 |                             1000
---------------------------------------------------------------------------------------------------
INFO: [Synth 8-3354] encoded FSM with state register 'st_q_reg' using encoding 'one-hot' in module 'moe_scheduler_core'
---------------------------------------------------------------------------------
Finished RTL Optimization Phase 2 : Time (s): cpu = 00:00:29 ; elapsed = 00:00:24 . Memory (MB): peak = 3277.410 ; gain = 628.789 ; free physical = 323317 ; free virtual = 409570
---------------------------------------------------------------------------------
No constraint files found.
---------------------------------------------------------------------------------
Start RTL Component Statistics 
---------------------------------------------------------------------------------
Detailed RTL Component Info : 
+---Adders : 
	   2 Input   15 Bit       Adders := 1     
	   5 Input   15 Bit       Adders := 1     
	   3 Input   15 Bit       Adders := 2     
	   3 Input   14 Bit       Adders := 11    
	   2 Input   14 Bit       Adders := 4     
	   2 Input   13 Bit       Adders := 21    
	   3 Input   13 Bit       Adders := 13    
	   4 Input   13 Bit       Adders := 4     
	   5 Input   13 Bit       Adders := 1     
	   3 Input   12 Bit       Adders := 1     
	   2 Input   11 Bit       Adders := 3     
	   3 Input   11 Bit       Adders := 2     
	   2 Input    9 Bit       Adders := 8     
	   3 Input    9 Bit       Adders := 1     
	   4 Input    9 Bit       Adders := 1     
	   4 Input    8 Bit       Adders := 3     
	   2 Input    8 Bit       Adders := 1     
	   3 Input    7 Bit       Adders := 6     
	   2 Input    7 Bit       Adders := 7     
	   4 Input    7 Bit       Adders := 2     
	   2 Input    6 Bit       Adders := 2     
	   2 Input    5 Bit       Adders := 4     
	   3 Input    5 Bit       Adders := 1     
	   2 Input    4 Bit       Adders := 6     
	   3 Input    4 Bit       Adders := 5     
	   5 Input    4 Bit       Adders := 3     
	   6 Input    4 Bit       Adders := 2     
	   7 Input    4 Bit       Adders := 2     
	   8 Input    4 Bit       Adders := 3     
	   9 Input    4 Bit       Adders := 3     
	  10 Input    4 Bit       Adders := 2     
	   4 Input    4 Bit       Adders := 2     
	   2 Input    3 Bit       Adders := 11    
	   3 Input    3 Bit       Adders := 10    
	   5 Input    3 Bit       Adders := 3     
	   6 Input    3 Bit       Adders := 2     
	   7 Input    3 Bit       Adders := 1     
	   8 Input    3 Bit       Adders := 1     
	   4 Input    3 Bit       Adders := 4     
	   9 Input    3 Bit       Adders := 1     
	  10 Input    3 Bit       Adders := 1     
	   2 Input    2 Bit       Adders := 7     
	   4 Input    2 Bit       Adders := 1     
	   3 Input    2 Bit       Adders := 1     
	   2 Input    1 Bit       Adders := 1     
+---XORs : 
	   3 Input     15 Bit         XORs := 1     
	   2 Input      1 Bit         XORs := 2     
+---Registers : 
	               33 Bit    Registers := 1     
	               14 Bit    Registers := 10    
	               13 Bit    Registers := 32    
	               10 Bit    Registers := 1     
	                9 Bit    Registers := 29    
	                8 Bit    Registers := 22    
	                7 Bit    Registers := 17    
	                6 Bit    Registers := 40    
	                5 Bit    Registers := 5     
	                4 Bit    Registers := 3     
	                3 Bit    Registers := 7     
	                2 Bit    Registers := 46    
	                1 Bit    Registers := 110   
+---Muxes : 
	   2 Input   64 Bit        Muxes := 1     
	   3 Input   64 Bit        Muxes := 1     
	   2 Input   33 Bit        Muxes := 4     
	   2 Input   30 Bit        Muxes := 1     
	  42 Input   17 Bit        Muxes := 1     
	   2 Input   14 Bit        Muxes := 43    
	   4 Input   14 Bit        Muxes := 4     
	   3 Input   14 Bit        Muxes := 3     
	   9 Input   14 Bit        Muxes := 3     
	  16 Input   14 Bit        Muxes := 6     
	   2 Input   13 Bit        Muxes := 121   
	   3 Input   13 Bit        Muxes := 2     
	   5 Input   13 Bit        Muxes := 5     
	   4 Input   13 Bit        Muxes := 2     
	   9 Input   13 Bit        Muxes := 3     
	  16 Input   13 Bit        Muxes := 8     
	   2 Input   11 Bit        Muxes := 3     
	   9 Input   11 Bit        Muxes := 2     
	   2 Input   10 Bit        Muxes := 6     
	  16 Input   10 Bit        Muxes := 1     
	   2 Input    9 Bit        Muxes := 497   
	   4 Input    9 Bit        Muxes := 3     
	  16 Input    9 Bit        Muxes := 1     
	  14 Input    9 Bit        Muxes := 1     
	   8 Input    9 Bit        Muxes := 14    
	   4 Input    8 Bit        Muxes := 5     
	   2 Input    8 Bit        Muxes := 11    
	   4 Input    7 Bit        Muxes := 4     
	   2 Input    7 Bit        Muxes := 39    
	   9 Input    7 Bit        Muxes := 8     
	   7 Input    7 Bit        Muxes := 2     
	  16 Input    7 Bit        Muxes := 3     
	   2 Input    6 Bit        Muxes := 491   
	   4 Input    6 Bit        Muxes := 5     
	   8 Input    6 Bit        Muxes := 14    
	   2 Input    5 Bit        Muxes := 20    
	   5 Input    5 Bit        Muxes := 1     
	   4 Input    5 Bit        Muxes := 1     
	  16 Input    5 Bit        Muxes := 4     
	  17 Input    5 Bit        Muxes := 1     
	   2 Input    4 Bit        Muxes := 72    
	  27 Input    4 Bit        Muxes := 1     
	  16 Input    4 Bit        Muxes := 1     
	   4 Input    4 Bit        Muxes := 2     
	   6 Input    4 Bit        Muxes := 1     
	   3 Input    4 Bit        Muxes := 1     
	   9 Input    4 Bit        Muxes := 1     
	   8 Input    4 Bit        Muxes := 1     
	  29 Input    3 Bit        Muxes := 3     
	   4 Input    3 Bit        Muxes := 2     
	  11 Input    3 Bit        Muxes := 1     
	  21 Input    3 Bit        Muxes := 1     
	   2 Input    3 Bit        Muxes := 48    
	   3 Input    3 Bit        Muxes := 8     
	   5 Input    3 Bit        Muxes := 4     
	   9 Input    3 Bit        Muxes := 2     
	  12 Input    3 Bit        Muxes := 1     
	   6 Input    3 Bit        Muxes := 1     
	   8 Input    3 Bit        Muxes := 3     
	  29 Input    2 Bit        Muxes := 3     
	   2 Input    2 Bit        Muxes := 93    
	   3 Input    2 Bit        Muxes := 11    
	   4 Input    2 Bit        Muxes := 6     
	  10 Input    2 Bit        Muxes := 2     
	   5 Input    2 Bit        Muxes := 4     
	   9 Input    2 Bit        Muxes := 8     
	  16 Input    2 Bit        Muxes := 9     
	  29 Input    1 Bit        Muxes := 1     
	   2 Input    1 Bit        Muxes := 1168  
	   3 Input    1 Bit        Muxes := 5     
	   5 Input    1 Bit        Muxes := 9     
	   4 Input    1 Bit        Muxes := 12    
	   7 Input    1 Bit        Muxes := 6     
	  10 Input    1 Bit        Muxes := 7     
	   9 Input    1 Bit        Muxes := 23    
	  13 Input    1 Bit        Muxes := 1     
	   6 Input    1 Bit        Muxes := 13    
	  16 Input    1 Bit        Muxes := 29    
	   8 Input    1 Bit        Muxes := 42    
---------------------------------------------------------------------------------
Finished RTL Component Statistics 
---------------------------------------------------------------------------------
---------------------------------------------------------------------------------
Start Part Resource Summary
---------------------------------------------------------------------------------
Part Resources:
DSPs: 14352 (col length:149)
BRAMs: 9882 (col length: RAMB18 600 RAMB36 300)
---------------------------------------------------------------------------------
Finished Part Resource Summary
---------------------------------------------------------------------------------
No constraint files found.
---------------------------------------------------------------------------------
Start Cross Boundary and Area Optimization
---------------------------------------------------------------------------------
WARNING: [Synth 8-3917] design moe_scheduler_reg_wrapper has port reg_rsp_o[error] driven by constant 0
---------------------------------------------------------------------------------
Finished Cross Boundary and Area Optimization : Time (s): cpu = 00:02:29 ; elapsed = 00:02:27 . Memory (MB): peak = 4977.926 ; gain = 2329.305 ; free physical = 321526 ; free virtual = 407784
---------------------------------------------------------------------------------
---------------------------------------------------------------------------------
Start ROM, RAM, DSP, Shift Register and Retiming Reporting
---------------------------------------------------------------------------------

ROM: Preliminary Mapping Report
+-------------------------------+------------+---------------+----------------+
|Module Name                    | RTL Object | Depth x Width | Implemented As | 
+-------------------------------+------------+---------------+----------------+
|sched_distilled_profile_decode | profile_o  | 32x5          | LUT            | 
|sched_distilled_profile_decode | profile_o  | 32x1          | LUT            | 
|sched_distilled_profile_decode | profile_o  | 32x1          | LUT            | 
|sched_distilled_profile_decode | profile_o  | 32x1          | LUT            | 
|sched_distilled_profile_decode | profile_o  | 32x2          | LUT            | 
|sched_distilled_profile_decode | profile_o  | 32x2          | LUT            | 
|sched_distilled_profile_decode | profile_o  | 32x2          | LUT            | 
|sched_distilled_profile_decode | profile_o  | 32x2          | LUT            | 
|sched_distilled_profile_decode | profile_o  | 32x2          | LUT            | 
|sched_distilled_profile_decode | profile_o  | 32x2          | LUT            | 
|sched_distilled_profile_decode | profile_o  | 32x2          | LUT            | 
|sched_distilled_profile_decode | profile_o  | 32x2          | LUT            | 
|sched_distilled_profile_decode | profile_o  | 32x5          | LUT            | 
|sched_distilled_profile_decode | profile_o  | 32x1          | LUT            | 
|sched_distilled_profile_decode | profile_o  | 32x1          | LUT            | 
|sched_distilled_profile_decode | profile_o  | 32x1          | LUT            | 
|sched_distilled_profile_decode | profile_o  | 32x2          | LUT            | 
|sched_distilled_profile_decode | profile_o  | 32x2          | LUT            | 
|sched_distilled_profile_decode | profile_o  | 32x2          | LUT            | 
|sched_distilled_profile_decode | profile_o  | 32x2          | LUT            | 
|sched_distilled_profile_decode | profile_o  | 32x2          | LUT            | 
|sched_distilled_profile_decode | profile_o  | 32x2          | LUT            | 
|sched_distilled_profile_decode | profile_o  | 32x2          | LUT            | 
|sched_distilled_profile_decode | profile_o  | 32x2          | LUT            | 
+-------------------------------+------------+---------------+----------------+

---------------------------------------------------------------------------------
Finished ROM, RAM, DSP, Shift Register and Retiming Reporting
---------------------------------------------------------------------------------
No constraint files found.
---------------------------------------------------------------------------------
Start Timing Optimization
---------------------------------------------------------------------------------
---------------------------------------------------------------------------------
Finished Timing Optimization : Time (s): cpu = 00:02:30 ; elapsed = 00:02:28 . Memory (MB): peak = 4977.926 ; gain = 2329.305 ; free physical = 321438 ; free virtual = 407694
---------------------------------------------------------------------------------
---------------------------------------------------------------------------------
Start Technology Mapping
---------------------------------------------------------------------------------
INFO: [Synth 8-11322] No global retiming is needed without any clock constraint
---------------------------------------------------------------------------------
Finished Technology Mapping : Time (s): cpu = 00:02:35 ; elapsed = 00:02:33 . Memory (MB): peak = 4977.926 ; gain = 2329.305 ; free physical = 321521 ; free virtual = 407776
---------------------------------------------------------------------------------
---------------------------------------------------------------------------------
Start IO Insertion
---------------------------------------------------------------------------------
---------------------------------------------------------------------------------
Start Flattening Before IO Insertion
---------------------------------------------------------------------------------
---------------------------------------------------------------------------------
Finished Flattening Before IO Insertion
---------------------------------------------------------------------------------
INFO: [Synth 8-11322] No global retiming is needed without any clock constraint
---------------------------------------------------------------------------------
Start Final Netlist Cleanup
---------------------------------------------------------------------------------
---------------------------------------------------------------------------------
Finished Final Netlist Cleanup
---------------------------------------------------------------------------------
---------------------------------------------------------------------------------
Finished IO Insertion : Time (s): cpu = 00:02:40 ; elapsed = 00:02:38 . Memory (MB): peak = 4977.926 ; gain = 2329.305 ; free physical = 321539 ; free virtual = 407798
---------------------------------------------------------------------------------
---------------------------------------------------------------------------------
Start Renaming Generated Instances
---------------------------------------------------------------------------------
---------------------------------------------------------------------------------
Finished Renaming Generated Instances : Time (s): cpu = 00:02:40 ; elapsed = 00:02:38 . Memory (MB): peak = 4977.926 ; gain = 2329.305 ; free physical = 321539 ; free virtual = 407798
---------------------------------------------------------------------------------
---------------------------------------------------------------------------------
Start Rebuilding User Hierarchy
---------------------------------------------------------------------------------
---------------------------------------------------------------------------------
Finished Rebuilding User Hierarchy : Time (s): cpu = 00:02:40 ; elapsed = 00:02:39 . Memory (MB): peak = 4977.926 ; gain = 2329.305 ; free physical = 321527 ; free virtual = 407786
---------------------------------------------------------------------------------
---------------------------------------------------------------------------------
Start Renaming Generated Ports
---------------------------------------------------------------------------------
---------------------------------------------------------------------------------
Finished Renaming Generated Ports : Time (s): cpu = 00:02:41 ; elapsed = 00:02:39 . Memory (MB): peak = 4977.926 ; gain = 2329.305 ; free physical = 321526 ; free virtual = 407785
---------------------------------------------------------------------------------
---------------------------------------------------------------------------------
Start Handling Custom Attributes
---------------------------------------------------------------------------------
---------------------------------------------------------------------------------
Finished Handling Custom Attributes : Time (s): cpu = 00:02:41 ; elapsed = 00:02:39 . Memory (MB): peak = 4977.926 ; gain = 2329.305 ; free physical = 321518 ; free virtual = 407777
---------------------------------------------------------------------------------
---------------------------------------------------------------------------------
Start Renaming Generated Nets
---------------------------------------------------------------------------------
---------------------------------------------------------------------------------
Finished Renaming Generated Nets : Time (s): cpu = 00:02:41 ; elapsed = 00:02:39 . Memory (MB): peak = 4977.926 ; gain = 2329.305 ; free physical = 321517 ; free virtual = 407776
---------------------------------------------------------------------------------
---------------------------------------------------------------------------------
Start Writing Synthesis Report
---------------------------------------------------------------------------------

Report BlackBoxes: 
+-+--------------+----------+
| |BlackBox name |Instances |
+-+--------------+----------+
+-+--------------+----------+

Report Cell Usage: 
+------+-----------+------+
|      |Cell       |Count |
+------+-----------+------+
|1     |LOOKAHEAD8 |   200|
|2     |LUT1       |     3|
|3     |LUT2       |   887|
|4     |LUT3       |  1433|
|5     |LUT4       |   866|
|6     |LUT5       |  1634|
|7     |LUT6       |  3233|
|8     |LUT6CY     |  1351|
|9     |LUT6       |    50|
|10    |FDCE       |  1243|
|11    |FDPE       |     2|
|12    |FDRE       |   439|
|13    |FDSE       |     1|
+------+-----------+------+
---------------------------------------------------------------------------------
Finished Writing Synthesis Report : Time (s): cpu = 00:02:41 ; elapsed = 00:02:39 . Memory (MB): peak = 4977.926 ; gain = 2329.305 ; free physical = 321516 ; free virtual = 407775
---------------------------------------------------------------------------------
Synthesis finished with 0 errors, 0 critical warnings and 369 warnings.
Synthesis Optimization Runtime : Time (s): cpu = 00:02:41 ; elapsed = 00:02:39 . Memory (MB): peak = 4977.926 ; gain = 2329.305 ; free physical = 321512 ; free virtual = 407770
Synthesis Optimization Complete : Time (s): cpu = 00:02:41 ; elapsed = 00:02:39 . Memory (MB): peak = 4977.934 ; gain = 2329.305 ; free physical = 321511 ; free virtual = 407770
INFO: [Project 1-571] Translating synthesized netlist
Netlist sorting complete. Time (s): cpu = 00:00:00.09 ; elapsed = 00:00:00.08 . Memory (MB): peak = 4977.934 ; gain = 0.000 ; free physical = 321689 ; free virtual = 407944
INFO: [Netlist 29-17] Analyzing 1401 Unisim elements for replacement
INFO: [Netlist 29-28] Unisim Transformation completed in 0 CPU seconds
INFO: [Constraints 18-5720] The default GCLK Deskew mode is Off.
INFO: [Device 21-9335] Optimized delay calculation is enabled for this device.
INFO: [Constraints 18-13227] Created floorplan with Advanced Flow Feature Set
INFO: [Project 1-570] Preparing netlist for logic optimization
INFO: [Opt 31-138] Pushed 0 inverter(s) to 0 load pin(s).
INFO: [Ipconfig 75-709] Read and Merge Traffic Stats:  Before Read: 0 insts (0 INI), 0 paths (0 INI). Read In: 0 insts (0 INI), 0 paths (0 INI). After Merge: 0 insts (0 INI), 0 paths (0 INI). 0 error slaves
INFO: [Ipconfig 75-709] Read and Merge Traffic Stats:  Before Read: 0 insts (0 INI), 0 paths (0 INI). Read In: 8 insts (0 INI), 12 paths (0 INI). After Merge: 8 insts (0 INI), 12 paths (0 INI). 0 error slaves
Netlist sorting complete. Time (s): cpu = 00:00:00.01 ; elapsed = 00:00:00 . Memory (MB): peak = 5025.949 ; gain = 0.000 ; free physical = 321622 ; free virtual = 407879
INFO: [Project 1-111] Unisim Transformation Summary:
  A total of 1401 instances were transformed.
  LUT6CY => LUT6CY (LUTCY1, LUTCY2): 1351 instances
  LUT6_2 => LUT6_2 (LUT5, LUT6): 50 instances

Synth Design complete | Checksum: a9407939
INFO: [Common 17-83] Releasing license: Synthesis
111 Infos, 3 Warnings, 0 Critical Warnings and 0 Errors encountered.
synth_design completed successfully
synth_design: Time (s): cpu = 00:03:18 ; elapsed = 00:03:10 . Memory (MB): peak = 5025.984 ; gain = 3129.168 ; free physical = 321628 ; free virtual = 407885
INFO: [Common 17-2834] synth_design peak Physical Memory [PSS] (MB): overall = 4404.807; main = 4231.129; forked = 351.006
INFO: [Common 17-2834] synth_design peak Virtual Memory [VSS] (MB): overall = 6594.727; main = 5033.957; forked = 1616.797
# create_clock -name scheduler_clk -period $clock_period [get_ports clk_i]
create_clock: Time (s): cpu = 00:00:13 ; elapsed = 00:00:13 . Memory (MB): peak = 5033.953 ; gain = 0.000 ; free physical = 321347 ; free virtual = 407606
# write_checkpoint -force $output_dir/scheduler_distilled_synth.dcp
INFO: [Timing 38-35] Done setting XDC timing constraints.
INFO: [Timing 38-480] Writing timing data to binary archive.
Write ShapeDB Complete: Time (s): cpu = 00:00:00.11 ; elapsed = 00:00:00.04 . Memory (MB): peak = 6825.715 ; gain = 0.000 ; free physical = 319447 ; free virtual = 405706
INFO: [Common 17-1381] The checkpoint '/esat/studscratch/r1015673/Thesis/Scheduler_hw/.gen/ooc_200mhz_current/scheduler_distilled_synth.dcp' has been generated.
write_checkpoint: Time (s): cpu = 00:00:55 ; elapsed = 00:00:55 . Memory (MB): peak = 6825.715 ; gain = 1791.762 ; free physical = 319507 ; free virtual = 405764
# report_utilization -hierarchical -file $output_dir/utilization_hier.rpt
# report_timing_summary -delay_type max -max_paths 20 \
#   -file $output_dir/timing_summary.rpt
INFO: [Timing 38-91] UpdateTimingParams: Speed grade: -2MP, Temperature grade: E, Delay Type: max.
INFO: [Timing 38-191] Multithreading enabled for timing update using a maximum of 8 CPUs
WARNING: [Timing 38-242] The property HD.CLK_SRC of clock port "clk_i" is not set. In out-of-context mode, this prevents timing estimation for clock delay/skew
Resolution: Set the HD.CLK_SRC property of the out-of-context port to the location of the clock buffer instance in the top-level design
report_timing_summary: Time (s): cpu = 00:00:43 ; elapsed = 00:00:39 . Memory (MB): peak = 7698.324 ; gain = 872.609 ; free physical = 318300 ; free virtual = 404561
# report_high_fanout_nets -fanout_greater_than 32 -timing \
#   -file $output_dir/high_fanout.rpt
INFO: [Timing 38-91] UpdateTimingParams: Speed grade: -2MP, Temperature grade: E, Delay Type: max.
INFO: [Timing 38-191] Multithreading enabled for timing update using a maximum of 8 CPUs
INFO: [Timing 38-78] ReportTimingParams: -max_paths 10 -nworst 1 -delay_type max -sort_by slack.
# report_design_analysis -logic_level_distribution \
#   -of_timing_paths [get_timing_paths -max_paths 100] \
#   -file $output_dir/logic_levels.rpt
# exit
INFO: [Common 17-206] Exiting Vivado at Tue Aug 18 16:35:47 2026...
